<?xml version="1.0" encoding="utf-8"?><testsuites><testsuite name="pytest" errors="0" failures="0" skipped="0" tests="0" time="0.004" timestamp="2020-10-21T09:47:00.853960" hostname="MacBook-Pro.local" /></testsuites>